INFO:root:http://ads.google.com redirects to https://business.google.com/us/google-ads/
INFO:root:http://cdn.jwplayer.com redirects to https://jwx.com/
INFO:root:http://activate.social redirects to https://try.activate.social
INFO:root:http://adeprimo.se redirects to https://www.adeprimo.com/sv
INFO:root:http://lifesciencenordic.com redirects to https://www.lifesciencefocus.com/
INFO:root:http://apsis.one redirects to https://app.apsis.one/index.html
INFO:root:http://apis.google.com redirects to https://developers.google.com/
INFO:root:http://bellmetric.net redirects to https://bmetric.com/
INFO:root:http://brandy.bonniernewslifestyle.se redirects to https://www.bonniernews.se
INFO:root:http://masterskapssidan.se redirects to https://masterskapssidan.com/
INFO:root:http://ihusbil.se redirects to https://forum.ihusbil.se/forums/nyheter.16/
INFO:root:http://byggfaktadocu.se redirects to https://source.lattira.com/sv/se
INFO:root:http://bytelab.dk redirects to https://www.stacc.com/company/locations/aarhus
INFO:root:http://bvads.bovision.se redirects to https://bovision.se/
INFO:root:http://ck.page redirects to https://kit.com/features/landing-pages
INFO:root:http://codedrink.com redirects to https://getlasso.co
INFO:root:http://cookielaw.org redirects to https://www.onetrust.com/products/cookie-consent/?redirect=true
INFO:root:http://connect.facebook.net redirects to https://www.facebook.com/
INFO:root:http://cookiepro.com redirects to https://www.onetrust.com/cookiepro/
INFO:root:http://conviva.com redirects to https://www.conviva.ai/
INFO:root:http://connect.nosto.com redirects to https://my.nosto.com/auth/login
INFO:root:http://cookiehub.eu redirects to https://www.cookiehub.com/
INFO:root:http://cookiebot.eu redirects to https://www.cookiebot.com/
INFO:root:http://convertkit.com redirects to https://kit.com/
INFO:root:http://commercial-cms-prod.aller.se redirects to https://native.aller.se/auth/login?returnTo=%2FnativeVideoCampaign
INFO:root:http://d2qrdklrsxowl2.cloudfront.net redirects to https://www.brightcove.com/
INFO:root:http://deals.innocode.no redirects to https://dash.deals.innocode.no
INFO:root:http://driftt.com redirects to https://www.drift.com/
INFO:root:http://drift.com redirects to https://www.salesloft.com/platform/chat-agents
INFO:root:http://easyweb.se redirects to https://www.easyweb.site
INFO:root:http://ebbot.eu redirects to https://account.ebbot.eu/realms/ebbot/protocol/openid-connect/auth?client_id=dashboard&state=b99ce7e5-972c-43f9-864a-3db53608aff9&redirect_uri=https%3A%2F%2Febbot.eu%2Fauth%3Fauth_callback%3D1&scope=openid&response_type=code
INFO:root:http://evidon.com redirects to https://rezolve.com/
INFO:root:http://forms.hsforms.com redirects to https://developers.hubspot.com/
INFO:root:http://natgeotv.com redirects to https://www.nationalgeographic.com/tv/
INFO:root:http://lovable.app redirects to https://lovable.dev
INFO:root:http://google-analytics.com redirects to https://marketingplatform.google.com/about/analytics/
INFO:root:http://harmonious-station-to-station.podplay.com redirects to https://usefathom.com
INFO:root:http://happygreen.se redirects to https://glimja.com/?brand=hg
INFO:root:http://heroaffiliates.com redirects to https://heropartners.io/
INFO:root:http://imgix.net redirects to https://www.imgix.com/
INFO:root:http://landetsfria.nu redirects to https://landetsfria.se/
INFO:root:http://jwplayer.com redirects to https://jwx.com/
INFO:root:http://distansarbete.com redirects to https://jobba-hemifran.com/
INFO:root:http://kmail-lists.com redirects to https://www.klaviyo.com/
INFO:root:http://flashback.org did not respond within the timeout period
INFO:root:http://analytics.ozzi.io did not respond within the timeout period
INFO:root:http://analytics.alandpost.com did not respond within the timeout period
INFO:root:http://bcm.interactives.dk did not respond within the timeout period
INFO:root:http://bjuvsweek.se did not respond within the timeout period
INFO:root:http://ljudochbild.se redirects to https://www.lydogbilde.no/wp-signup.php?new=ljudochbild.se
INFO:root:http://cineasten.se did not respond within the timeout period
INFO:root:http://curemedia.se did not respond within the timeout period
INFO:root:http://elongroup.se did not respond within the timeout period
INFO:root:http://media.dagensps.se redirects to https://images.dagensps.se/
INFO:root:http://delivery.youplay.se did not respond within the timeout period
INFO:root:http://metapic.se redirects to https://metapic.com/
INFO:root:http://digiseg.net did not respond within the timeout period
INFO:root:http://misssite.com redirects to https://misshosting.com
INFO:root:http://mediacreeper.se redirects to https://mediacreeper.com/index
INFO:root:http://episerver.net did not respond within the timeout period
INFO:root:http://onetrust.eu redirects to https://www.onetrust.com/
INFO:root:http://onrender.com redirects to https://render.com
INFO:root:http://ordklasser.se redirects to https://closed.loopia.com
INFO:root:http://public.flourish.studio redirects to https://flourish.studio/
INFO:root:http://rabble-res.cloudinary.com redirects to https://cloudinary.com
INFO:root:http://pushcrew.com redirects to https://wingify.com/customer-engagement/?ref=pc
INFO:root:http://ramses.nu redirects to https://www.sportality.se/
INFO:root:http://res.cloudinary.com redirects to https://cloudinary.com
INFO:root:http://rekai.se redirects to https://rek.ai/en
INFO:root:http://gnuheter.com did not respond within the timeout period
INFO:root:http://pt.dwcdn.net redirects to https://www.datawrapper.de/
INFO:root:http://sannsyn.com redirects to https://antire.com/en/news/antire-kjoper-sannsyn
INFO:root:http://shareaholic.net redirects to https://www.shareaholic.com/
INFO:root:http://nuance.com redirects to https://dragon.nuance.com/en-us/home
INFO:root:http://supabase.co redirects to https://supabase.com/
INFO:root:http://sitegainer.com redirects to https://symplify.com/conversion-experimentation/
INFO:root:http://stats.allabolag.se redirects to https://login.microsoftonline.com/7b56e7fe-ca45-43ab-9708-7041a75125d9/oauth2/authorize?response_type=code&client_id=52125f95-f8de-4837-a583-b66debd9c61b&scope=openid%20email%20profile&state=rMuPsMM2uKHKccPR3oLaovTBsJBV2Z6fNs8rJwqIwZ8%3D&redirect_uri=https://stats.allabolag.se/oauth2/authorization/enento&nonce=HtVmMhBxcMkQ8yy4k2ONNUJhsRfrMOMhONo-GVe9-uw
INFO:root:http://storymedia.se redirects to https://fenixmedia.group/
INFO:root:http://kingsizemag.se did not respond within the timeout period
INFO:root:http://treasuredata.com redirects to https://www.treasure.ai/
INFO:root:http://lantbruksnet.se did not respond within the timeout period
INFO:root:http://leadconnect.ipmaxi.se did not respond within the timeout period
INFO:root:http://webpower.eu redirects to https://spotler.com/mailpro
INFO:root:http://widgets.bonniernewslifestyle.se redirects to https://www.bonniernews.se
INFO:root:http://wurfl.io redirects to https://web.wurfl.io/
INFO:root:http://skik.se did not respond within the timeout period
INFO:root:http://widget.playoncenter.com redirects to http://www.playoncenter.com/admin/login
INFO:root:http://wishpond.net redirects to https://wishpond.com/
INFO:root:http://youbora.com redirects to https://suite.npaw.com/
INFO:root:http://vk.com redirects to https://m.vk.com/
INFO:root:http://runtnc.net did not respond within the timeout period
INFO:root:http://m1.analytics.sitevision-cloud.se did not respond within the timeout period
INFO:root:http://mailmunch.co did not respond within the timeout period
INFO:root:http://matchads.net did not respond within the timeout period
INFO:root:http://mtst.io did not respond within the timeout period
INFO:root:http://mymediaindex.com did not respond within the timeout period
INFO:root:http://nichehuset.dk did not respond within the timeout period
INFO:root:http://maskinisten.net did not respond within the timeout period
INFO:root:http://nordiskskog.se did not respond within the timeout period
INFO:root:http://notedmedia.se did not respond within the timeout period
INFO:root:http://tv-kanal.se did not respond within the timeout period
INFO:root:http://owa.agriprim.se did not respond within the timeout period
INFO:root:http://padelfeber.se did not respond within the timeout period
INFO:root:http://pji.nu did not respond within the timeout period
INFO:root:http://proxyas.com did not respond within the timeout period
INFO:root:http://rentify.se did not respond within the timeout period
INFO:root:http://sellingsimplified.net did not respond within the timeout period
INFO:root:http://stats.helsingborg.se did not respond within the timeout period
INFO:root:http://tibaco.net did not respond within the timeout period
INFO:root:http://tourn.se did not respond within the timeout period
INFO:root:http://typkanske.se did not respond within the timeout period
INFO:root:http://umami.nordiskehandel.cloud did not respond within the timeout period
INFO:root:http://rpofsweden.com did not respond within the timeout period
INFO:root:http://viralize.tv did not respond within the timeout period
INFO:root:http://webbannons.ntm.eu did not respond within the timeout period
INFO:root:http://tourn.co redirects to https://tourn.com/
